# Create a record that we'll try to read later:
$ vagrant ssh go
$ echo "test" | zk create /sim-lost-majority

# Simulate losing a minority of zookeepers by killing `zk{1,2}`:
$ vagrant ssh zk1 -- sudo stop zookeeper
$ vagrant ssh zk2 -- sudo stop zookeeper

# Try running a basic `zk` operation, it should fail:
$ vagrant ssh go
$ zk children /
2014/05/25 22:33:35 Failed to connect to 192.168.12.12:2181: dial tcp 192.168.12.12:2181: i/o timeout
2014/05/25 22:33:36 Failed to connect to 192.168.12.11:2181: dial tcp 192.168.12.11:2181: i/o timeout
2014/05/25 22:33:37 Failed to connect to 192.168.12.12:2181: dial tcp 192.168.12.12:2181: i/o timeout
error: could not connect to a server

# Writes should fail as well:
$ echo "test2" | zk set /sim-lost-majority
2014/05/25 22:34:18 Failed to connect to 192.168.12.12:2181: dial tcp 192.168.12.12:2181: i/o timeout
2014/05/25 22:34:19 Failed to connect to 192.168.12.11:2181: dial tcp 192.168.12.11:2181: i/o timeout
2014/05/25 22:34:20 Failed to connect to 192.168.12.12:2181: dial tcp 192.168.12.12:2181: i/o timeout
error: could not connect to a server
